Комбинаций всего: 136, уже посчитано: 82, осталось: 54 (не меньше 22 мин: сервер даёт 145 прогонов в час)
  …сервер просит подождать 14 мин (лимит), ждём до 23:42
  …часовой лимит сервера (145 прогонов/ч): ждём 14 мин, до 23:42
  …сервер просит подождать 2 мин (лимит), ждём до 23:44
[1/54] NEARUSDT short ov90 ord15 pf1.4 vf1.2 tp1 | cci @60 -> net -100.00% dd 97.6% ЛИКВИДАЦИЯ | ETA 713м
[2/54] NEARUSDT short ov70 ord15 pf1.4 vf1.2 tp1 | cci @60 -> net -100.00% dd 97.3% ЛИКВИДАЦИЯ | ETA 385м
[3/54] NEARUSDT short ov30 ord15 pf1.4 vf1.2 tp1 | cmo @60 -> net +280.39% dd 67.3% | ETA 251м
[4/54] NEARUSDT short ov50 ord15 pf1.4 vf1.2 tp1 | cmo @60 -> net -100.00% dd 97.8% ЛИКВИДАЦИЯ | ETA 185м
[5/54] NEARUSDT short ov70 ord15 pf1.4 vf1.2 tp1 | cmo @60 -> net -100.00% dd 97.8% ЛИКВИДАЦИЯ | ETA 145м
[6/54] NEARUSDT short ov90 ord15 pf1.4 vf1.2 tp1 | cmo @60 -> net +137.88% dd 44.7% | ETA 118м
[7/54] NEARUSDT short ov30 ord15 pf1.4 vf1.2 tp1 | rvi @60 -> net -100.00% dd 99.3% ЛИКВИДАЦИЯ | ETA 99м
[8/54] NEARUSDT short ov50 ord15 pf1.4 vf1.2 tp1 | rvi @60 -> net -100.00% dd 97.9% ЛИКВИДАЦИЯ | ETA 85м
  …сервер просит подождать 2 мин (лимит), ждём до 23:45
[9/54] NEARUSDT short ov70 ord15 pf1.4 vf1.2 tp1 | rvi @60 -> net -100.00% dd 98.6% ЛИКВИДАЦИЯ | ETA 74м
[10/54] NEARUSDT short ov30 ord15 pf1.4 vf1.2 tp1 | wpr @60 -> net -100.00% dd 97.4% ЛИКВИДАЦИЯ | ETA 69м
[11/54] NEARUSDT short ov90 ord15 pf1.4 vf1.2 tp1 | rvi @60 -> net -100.00% dd 98.2% ЛИКВИДАЦИЯ | ETA 62м
[12/54] NEARUSDT short ov50 ord15 pf1.4 vf1.2 tp1 | wpr @60 -> net -100.00% dd 100.0% ЛИКВИДАЦИЯ | ETA 55м
[13/54] NEARUSDT short ov70 ord15 pf1.4 vf1.2 tp1 | wpr @60 -> net -100.00% dd 97.1% ЛИКВИДАЦИЯ | ETA 50м
[14/54] NEARUSDT short ov90 ord15 pf1.4 vf1.2 tp1 | wpr @60 -> net -100.00% dd 97.3% ЛИКВИДАЦИЯ | ETA 45м
[15/54] NEARUSDT short ov30 ord15 pf1.4 vf1.2 tp1 | adx @60 -> net -100.00% dd 97.8% ЛИКВИДАЦИЯ | ETA 41м
[16/54] NEARUSDT short ov50 ord15 pf1.4 vf1.2 tp1 | adx @60 -> net -100.00% dd 97.8% ЛИКВИДАЦИЯ | ETA 37м
[17/54] NEARUSDT short ov70 ord15 pf1.4 vf1.2 tp1 | adx @60 -> net -100.00% dd 98.3% ЛИКВИДАЦИЯ | ETA 34м
[18/54] NEARUSDT short ov90 ord15 pf1.4 vf1.2 tp1 | adx @60 -> net -100.00% dd 98.8% ЛИКВИДАЦИЯ | ETA 31м
[19/54] NEARUSDT short ov30 ord15 pf1.4 vf1.2 tp1 | stoch @60 -> net -100.00% dd 100.0% ЛИКВИДАЦИЯ | ETA 29м
[20/54] NEARUSDT short ov50 ord15 pf1.4 vf1.2 tp1 | stoch @60 -> net -100.00% dd 97.7% ЛИКВИДАЦИЯ | ETA 27м
  …сервер просит подождать 2 мин (лимит), ждём до 23:46
[21/54] NEARUSDT short ov70 ord15 pf1.4 vf1.2 tp1 | stoch @60 -> net -100.00% dd 97.9% ЛИКВИДАЦИЯ | ETA 25м
[22/54] NEARUSDT short ov30 ord15 pf1.4 vf1.2 tp1 | stoch_rsi @60 -> net -100.00% dd 98.0% ЛИКВИДАЦИЯ | ETA 24м
[23/54] NEARUSDT short ov90 ord15 pf1.4 vf1.2 tp1 | stoch @60 -> net -100.00% dd 97.7% ЛИКВИДАЦИЯ | ETA 22м
[24/54] NEARUSDT short ov70 ord15 pf1.4 vf1.2 tp1 | stoch_rsi @60 -> net -100.00% dd 97.7% ЛИКВИДАЦИЯ | ETA 21м
[25/54] NEARUSDT short ov50 ord15 pf1.4 vf1.2 tp1 | stoch_rsi @60 -> net -100.00% dd 98.5% ЛИКВИДАЦИЯ | ETA 19м
[26/54] NEARUSDT short ov90 ord15 pf1.4 vf1.2 tp1 | stoch_rsi @60 -> net -100.00% dd 98.1% ЛИКВИДАЦИЯ | ETA 18м
  …сервер просит подождать 4 мин (лимит), ждём до 23:49
  …часовой лимит сервера (145 прогонов/ч): ждём 4 мин, до 23:49
[27/54] NEARUSDT short ov30 ord15 pf1.4 vf1.2 tp1 | ichimoku @60 -> net -100.00% dd 97.7% ЛИКВИДАЦИЯ | ETA 17м
[28/54] NEARUSDT short ov70 ord15 pf1.4 vf1.2 tp1 | ichimoku @60 -> net -100.00% dd 98.0% ЛИКВИДАЦИЯ | ETA 19м
[29/54] NEARUSDT short ov50 ord15 pf1.4 vf1.2 tp1 | ichimoku @60 -> net -100.00% dd 97.8% ЛИКВИДАЦИЯ | ETA 17м
[30/54] NEARUSDT short ov30 ord15 pf1.4 vf1.2 tp1 | psar @60 -> net -100.00% dd 98.5% ЛИКВИДАЦИЯ | ETA 16м
[31/54] NEARUSDT short ov90 ord15 pf1.4 vf1.2 tp1 | ichimoku @60 -> net -100.00% dd 97.8% ЛИКВИДАЦИЯ | ETA 15м
[32/54] NEARUSDT short ov50 ord15 pf1.4 vf1.2 tp1 | psar @60 -> net -100.00% dd 98.0% ЛИКВИДАЦИЯ | ETA 14м
[33/54] NEARUSDT short ov70 ord15 pf1.4 vf1.2 tp1 | psar @60 -> net -100.00% dd 97.9% ЛИКВИДАЦИЯ | ETA 13м
[34/54] NEARUSDT short ov90 ord15 pf1.4 vf1.2 tp1 | psar @60 -> net -100.00% dd 98.4% ЛИКВИДАЦИЯ | ETA 12м
[35/54] NEARUSDT short ov30 ord15 pf1.4 vf1.2 tp1 | supertrend @60 -> net -100.00% dd 97.4% ЛИКВИДАЦИЯ | ETA 11м
[36/54] NEARUSDT short ov50 ord15 pf1.4 vf1.2 tp1 | supertrend @60 -> net -100.00% dd 98.3% ЛИКВИДАЦИЯ | ETA 10м
[37/54] NEARUSDT short ov70 ord15 pf1.4 vf1.2 tp1 | supertrend @60 -> net -100.00% dd 98.6% ЛИКВИДАЦИЯ | ETA 9м
[38/54] NEARUSDT short ov90 ord15 pf1.4 vf1.2 tp1 | supertrend @60 -> net -100.00% dd 98.6% ЛИКВИДАЦИЯ | ETA 8м
[39/54] NEARUSDT short ov30 ord15 pf1.4 vf1.2 tp1 | ao @60 -> net -100.00% dd 97.4% ЛИКВИДАЦИЯ | ETA 7м
[40/54] NEARUSDT short ov50 ord15 pf1.4 vf1.2 tp1 | ao @60 -> net -100.00% dd 98.0% ЛИКВИДАЦИЯ | ETA 7м
[41/54] NEARUSDT short ov70 ord15 pf1.4 vf1.2 tp1 | ao @60 -> net -100.00% dd 100.0% ЛИКВИДАЦИЯ | ETA 6м
[42/54] NEARUSDT short ov90 ord15 pf1.4 vf1.2 tp1 | ao @60 -> net -100.00% dd 97.6% ЛИКВИДАЦИЯ | ETA 5м
[43/54] NEARUSDT short ov30 ord15 pf1.4 vf1.2 tp1 | bb @60 -> net -100.00% dd 96.8% ЛИКВИДАЦИЯ | ETA 5м
[44/54] NEARUSDT short ov50 ord15 pf1.4 vf1.2 tp1 | bb @60 -> net -100.00% dd 96.9% ЛИКВИДАЦИЯ | ETA 4м
[45/54] NEARUSDT short ov70 ord15 pf1.4 vf1.2 tp1 | bb @60 -> net -100.00% dd 98.7% ЛИКВИДАЦИЯ | ETA 4м
  …сервер просит подождать 2 мин (лимит), ждём до 23:51
[46/54] NEARUSDT short ov30 ord15 pf1.4 vf1.2 tp1 | ma @60 -> net +558.36% dd 47.6% | ETA 3м
[47/54] NEARUSDT short ov90 ord15 pf1.4 vf1.2 tp1 | bb @60 -> net -100.00% dd 97.9% ЛИКВИДАЦИЯ | ETA 3м
[48/54] NEARUSDT short ov50 ord15 pf1.4 vf1.2 tp1 | ma @60 -> net -100.00% dd 100.0% ЛИКВИДАЦИЯ | ETA 2м
[49/54] NEARUSDT short ov70 ord15 pf1.4 vf1.2 tp1 | ma @60 -> net -100.00% dd 98.0% ЛИКВИДАЦИЯ | ETA 2м
[50/54] NEARUSDT short ov90 ord15 pf1.4 vf1.2 tp1 | ma @60 -> net -100.00% dd 98.2% ЛИКВИДАЦИЯ | ETA 1м
  …сервер просит подождать 2 мин (лимит), ждём до 23:52
[51/54] NEARUSDT short ov30 ord15 pf1.4 vf1.2 tp1 | swing 2% @60 -> net -100.00% dd 97.7% ЛИКВИДАЦИЯ | ETA 1м
[52/54] NEARUSDT short ov50 ord15 pf1.4 vf1.2 tp1 | swing 2% @60 -> net -100.00% dd 98.0% ЛИКВИДАЦИЯ | ETA 0м
[53/54] NEARUSDT short ov70 ord15 pf1.4 vf1.2 tp1 | swing 2% @60 -> net -100.00% dd 97.4% ЛИКВИДАЦИЯ | ETA 0м
[54/54] NEARUSDT short ov90 ord15 pf1.4 vf1.2 tp1 | swing 2% @60 -> net -100.00% dd 97.9% ЛИКВИДАЦИЯ | ETA 0м
Готово: 54 прогонов, ошибок 0. Результаты: C:\Users\Admin\Desktop\backtestPif\near\stage1.csv

Топ-15 по net_pct (без ликвидаций):
пара         сторона перекр ордер    pf    vf  тейк  лев    итог % просадка сделок  вход
NEARUSDT     short       30    15   1.4   1.2     1   10    558.36     47.6    441  ma @60
NEARUSDT     short       30    15   1.4   1.2     1   10    280.39     67.3    214  cmo @60
NEARUSDT     long        30    15   1.4   1.2     1   10    213.80     79.0    187  bb @60
NEARUSDT     long        90    15   1.4   1.2     1   10    161.78     92.5    272  psar @60
NEARUSDT     short       90    15   1.4   1.2     1   10    137.88     44.7    217  cmo @60
NEARUSDT     long        70    15   1.4   1.2     1   10    118.98     95.8    175  bb @60
NEARUSDT     short       30    15   1.4   1.2     1   10    115.19     80.1     88  mfi @60
NEARUSDT     long        30    15   1.4   1.2     1   10    101.40     38.5     99  rsi @60
NEARUSDT     short       50    15   1.4   1.2     1   10     88.02     66.9     87  mfi @60
NEARUSDT     long        50    15   1.4   1.2     1   10     75.46     30.8     98  rsi @60
NEARUSDT     short       70    15   1.4   1.2     1   10     70.32     59.4     88  mfi @60
NEARUSDT     long        70    15   1.4   1.2     1   10     62.60     26.1     97  rsi @60
NEARUSDT     short       90    15   1.4   1.2     1   10     60.40     53.2     88  mfi @60
NEARUSDT     long        90    15   1.4   1.2     1   10     50.50     16.3     95  rsi @60
